// Jest Snapshot v1, https://goo.gl/fbAQLP

exports[`RepositoryHeader renders correctly 1`] = `null`;
